// Jest Snapshot v1, https://goo.gl/fbAQLP

exports[`Navbar renders correctly 1`] = `
<div>
  <div
    class="sticky-outer-wrapper"
  >
    <div
      class="sticky-inner-wrapper"
      style="position: relative; z-index: 100; transform: translate3d(0,0px,0);"
    >
      <nav
        class="bg-white"
      >
        <div
          class="container mx-auto"
        >
          <div
            class="py-8"
          >
            <div
              class="flex items-center justify-between"
            >
              <div
                class="flex items-center gap-8"
              >
                <h1
                  class="text-2xl"
                >
                  <a
                    class="cursor-pointer"
                  />
                </h1>
                <div
                  class="hidden items-center gap-8 md:flex"
                />
              </div>
              <div
                class="flex items-center gap-8"
              >
                <a
                  class="cursor-pointer font-bold text-emerald-500"
                >
                  Get Started
                </a>
                <div
                  class="block md:hidden"
                >
                  <svg
                    fill="currentColor"
                    height="1em"
                    stroke="currentColor"
                    stroke-width="0"
                    viewBox="0 0 448 512"
                    width="1em"
                    xmlns="http://www.w3.org/2000/svg"
                  >
                    <path
                      d="M0 96C0 78.3 14.3 64 32 64H416c17.7 0 32 14.3 32 32s-14.3 32-32 32H32C14.3 128 0 113.7 0 96zM0 256c0-17.7 14.3-32 32-32H416c17.7 0 32 14.3 32 32s-14.3 32-32 32H32c-17.7 0-32-14.3-32-32zM448 416c0 17.7-14.3 32-32 32H32c-17.7 0-32-14.3-32-32s14.3-32 32-32H416c17.7 0 32 14.3 32 32z"
                    />
                  </svg>
                </div>
              </div>
            </div>
          </div>
        </div>
      </nav>
    </div>
  </div>
  <div
    class="drawer"
  >
    <input
      class="drawer-toggle"
      id="my-drawer"
      type="checkbox"
    />
    <div
      class="relative h-screen w-[80vw]"
    >
      <div
        class="absolute flex w-full items-center justify-between px-8 py-8"
      >
        <h1
          class="text-2xl"
        >
          HOM
        </h1>
        <svg
          fill="currentColor"
          height="1em"
          stroke="currentColor"
          stroke-width="0"
          viewBox="0 0 384 512"
          width="1em"
          xmlns="http://www.w3.org/2000/svg"
        >
          <path
            d="M376.6 84.5c11.3-13.6 9.5-33.8-4.1-45.1s-33.8-9.5-45.1 4.1L192 206 56.6 43.5C45.3 29.9 25.1 28.1 11.5 39.4S-3.9 70.9 7.4 84.5L150.3 256 7.4 427.5c-11.3 13.6-9.5 33.8 4.1 45.1s33.8 9.5 45.1-4.1L192 306 327.4 468.5c11.3 13.6 31.5 15.4 45.1 4.1s15.4-31.5 4.1-45.1L233.7 256 376.6 84.5z"
          />
        </svg>
      </div>
      <div
        class="flex h-full w-full items-center"
      >
        <div />
      </div>
    </div>
  </div>
</div>
`;
