// Jest Snapshot v1, https://goo.gl/fbAQLP

exports[`Service renders correctly 1`] = `
<div>
  <div
    class="grid grid-cols-1 gap-x-0 gap-y-8 sm:grid-cols-3 md:gap-8"
  >
    <div
      class="col-span-1"
    >
      <img
        alt=""
        class="mx-auto h-16 w-16"
        src=""
      />
    </div>
    <div
      class="col-span-2"
    >
      <div
        class="text-center sm:text-left"
      >
        <div
          class="mb-4"
        >
          <h3
            class="text-md font-bold sm:text-lg"
          />
        </div>
        <p />
      </div>
    </div>
  </div>
</div>
`;
