// Jest Snapshot v1, https://goo.gl/fbAQLP

exports[`Why renders correctly 1`] = `
<div>
  <section
    class="why-container py-8 md:py-16"
    id="why"
  >
    <div
      class="container mx-auto"
    >
      <div
        class="tabs"
      />
    </div>
  </section>
</div>
`;
