// Jest Snapshot v1, https://goo.gl/fbAQLP

exports[`Testimonials renders correctly 1`] = `
<div>
  <section
    class="testimonials-container bg-[#FFF5ED]/50 py-8 md:py-16"
  >
    <div
      class="container mx-auto"
    >
      <div
        class="tabs"
      />
    </div>
  </section>
</div>
`;
