// Jest Snapshot v1, https://goo.gl/fbAQLP

exports[`Input renders correctly 1`] = `
<div>
  <input
    class="w-full rounded-md bg-[#EFF3F7] px-8 py-4 hover:border-emerald-500 focus:border-emerald-500 active:border-emerald-500"
    id=""
    name=""
    placeholder=""
    type="text"
  />
</div>
`;
