// Jest Snapshot v1, https://goo.gl/fbAQLP

exports[`Techstack renders correctly 1`] = `
<div>
  <section
    class="bg-[#F9FAFC] py-8 md:py-16"
  >
    <div
      class="container mx-auto"
    >
      <div
        class="mb-8 md:mb-16"
      >
        <div
          class="text-center mx-auto max-w-lg"
        >
          <h1
            class="text-xl sm:text-3xl font-b162 mb-4 font-bold"
          />
          <h2
            class="text-sm sm:text-lg"
          />
        </div>
      </div>
      <div
        class="grid grid-cols-1 gap-8 sm:grid-cols-2 md:grid-cols-3"
      />
    </div>
  </section>
</div>
`;
