// Jest Snapshot v1, https://goo.gl/fbAQLP

exports[`Member renders correctly 1`] = `
<div>
  <div>
    <img
      alt=""
      class="rounded-xl border"
      src=""
    />
    <div
      class="text-center"
    >
      <h2
        class="mt-4 text-lg font-medium md:text-2xl"
      />
      <p
        class="mt-2 text-sm text-gray-500 md:text-lg"
      />
    </div>
  </div>
</div>
`;
