// Jest Snapshot v1, https://goo.gl/fbAQLP

exports[`Footer renders correctly 1`] = `
<div>
  <footer
    class="border-t py-8 md:border-none"
  >
    <div
      class="container mx-auto"
    >
      <div
        class="flex items-center justify-between"
      >
        <div
          class="font-lg font-medium"
        >
          Â© 
          2024
           
        </div>
        <div
          class="flex items-center gap-2 md:gap-4"
        />
      </div>
    </div>
  </footer>
</div>
`;
